// Jest Snapshot v1, https://goo.gl/fbAQLP

exports[`pull api data tests should return countries used in country search input 1`] = `
"Object {
  \\"id\\": \\"afghanistan\\",
  \\"name\\": \\"Afghanistan\\",
}"
`;
